[c00] env up
[c00] 6 bases spawned
[c00] empty sweep done
c00: 150 poses, exposure 10.0 iso 1600.0 shutter 60.0
[c01] env up
[c01] 6 bases spawned
[c01] empty sweep done
c01: 150 poses, exposure 8.5 iso 1600.0 shutter 60.0
[c02] env up
[c02] 6 bases spawned
[c02] empty sweep done
c02: 150 poses, exposure 11.5 iso 1600.0 shutter 60.0
[c03] env up
[c03] 6 bases spawned
[c03] empty sweep done
c03: 150 poses, exposure 10.0 iso 800.0 shutter 60.0
[c04] env up
[c04] 6 bases spawned
[c04] empty sweep done
c04: 150 poses, exposure 10.0 iso 3200.0 shutter 60.0
[c05] env up
[c05] 6 bases spawned
[c05] empty sweep done
c05: 150 poses, exposure 9.0 iso 1600.0 shutter 120.0
[c06] env up
[c06] 6 bases spawned
[c06] empty sweep done
c06: 150 poses, exposure 12.5 iso 1600.0 shutter 30.0
ALL DONE
